{
    "sarscov2 - fastq - stub": {
        "content": [
            [
                "versions.yml:md5,a3dafd8e8710de433af43795c43146bb"
            ]
        ],
        "meta": {
            "nf-test": "0.9.2",
            "nextflow": "24.10.0"
        },
        "timestamp": "2024-11-11T19:52:21.921878306"
    },
    "sarscov2 - fastq": {
        "content": [
            [
                "versions.yml:md5,a3dafd8e8710de433af43795c43146bb"
            ]
        ],
        "meta": {
            "nf-test": "0.9.2",
            "nextflow": "24.10.0"
        },
        "timestamp": "2024-11-11T19:52:12.180643962"
    }
}